[www.webstrot.com/html/moviepro/html/index.html]
[backblue.gif]
[fade.gif]
[index.html]
[www.webstrot.com/html/moviepro/html/css/animate.css]
[www.webstrot.com/html/moviepro/html/css/bootstrap.css]
[www.webstrot.com/html/moviepro/html/css/font-awesome.css]
[www.webstrot.com/html/moviepro/html/css/fonts.css]
[www.webstrot.com/html/moviepro/html/css/flaticon.css]
[www.webstrot.com/html/moviepro/html/css/owl.carousel.css]
[www.webstrot.com/html/moviepro/html/css/owl.theme.default.css]
[www.webstrot.com/html/moviepro/html/css/dl-menu.css]
[www.webstrot.com/html/moviepro/html/css/nice-select.css]
[www.webstrot.com/html/moviepro/html/css/magnific-popup.css]
[www.webstrot.com/html/moviepro/html/css/venobox.css]
[www.webstrot.com/html/moviepro/html/js/plugin/rs_slider/layers.css]
[www.webstrot.com/html/moviepro/html/js/plugin/rs_slider/navigation.css]
[www.webstrot.com/html/moviepro/html/js/plugin/rs_slider/settings.css]
[www.webstrot.com/html/moviepro/html/css/style.css]
[www.webstrot.com/html/moviepro/html/css/responsive.css]
[www.webstrot.com/html/moviepro/html/images/header/favicon.ico]
[www.webstrot.com/html/moviepro/html/images/header/horoscope.gif]
[www.webstrot.com/html/moviepro/html/index-2.html]
[www.webstrot.com/html/moviepro/html/images/header/logo.png]
[www.webstrot.com/html/moviepro/html/images/header/bars.png]
[www.webstrot.com/html/moviepro/html/index2.html]
[www.webstrot.com/html/moviepro/html/index3.html]
[www.webstrot.com/html/moviepro/html/index4.html]
[www.webstrot.com/html/moviepro/html/images/content/up1.jpg]
[www.webstrot.com/html/moviepro/html/images/content/up2.jpg]
[www.webstrot.com/html/moviepro/html/images/content/up3.jpg]
[www.webstrot.com/html/moviepro/html/images/content/vp1.jpg]
[www.webstrot.com/html/moviepro/html/images/content/vp2.jpg]
[www.webstrot.com/html/moviepro/html/images/content/vp3.jpg]
[www.webstrot.com/html/moviepro/html/images/content/vp4.jpg]
[www.webstrot.com/html/moviepro/html/images/content/vp5.jpg]
[www.webstrot.com/html/moviepro/html/images/content/vp6.jpg]
[www.webstrot.com/html/moviepro/html/blog_category.html]
[www.webstrot.com/html/moviepro/html/blog_single.html]
[www.webstrot.com/html/moviepro/html/event_category.html]
[www.webstrot.com/html/moviepro/html/event_single.html]
[www.webstrot.com/html/moviepro/html/movie_category.html]
[www.webstrot.com/html/moviepro/html/movie_single.html]
[www.webstrot.com/html/moviepro/html/movie_single_second.html]
[www.webstrot.com/html/moviepro/html/gallery.html]
[www.webstrot.com/html/moviepro/html/booking_type.html]
[www.webstrot.com/html/moviepro/html/confirmation_screen.html]
[www.webstrot.com/html/moviepro/html/movie_booking.html]
[www.webstrot.com/html/moviepro/html/seat_booking.html]
[www.webstrot.com/html/moviepro/html/contact.html]
[www.webstrot.com/html/moviepro/html/about.html]
[www.webstrot.com/html/moviepro/html/images/header/01.jpg]
[www.webstrot.com/html/moviepro/html/images/header/02.jpg]
[www.webstrot.com/html/moviepro/html/images/header/03.jpg]
[www.webstrot.com/html/moviepro/html/images/content/up4.jpg]
[www.webstrot.com/html/moviepro/html/images/content/up5.jpg]
[www.webstrot.com/html/moviepro/html/images/content/up6.jpg]
[www.webstrot.com/html/moviepro/html/images/content/up7.jpg]
[www.webstrot.com/html/moviepro/html/images/content/up8.jpg]
[www.webstrot.com/html/moviepro/html/images/content/ws2.jpg]
[www.webstrot.com/html/moviepro/html/images/content/ws3.jpg]
[www.webstrot.com/html/moviepro/html/images/content/ws4.jpg]
[www.webstrot.com/html/moviepro/html/images/content/ws5.jpg]
[www.webstrot.com/html/moviepro/html/images/content/ws6.jpg]
[www.webstrot.com/html/moviepro/html/images/content/ws7.jpg]
[www.webstrot.com/html/moviepro/html/images/content/nl2.jpg]
[www.webstrot.com/html/moviepro/html/images/content/nl3.jpg]
[www.webstrot.com/html/moviepro/html/images/content/ft1.jpg]
[www.webstrot.com/html/moviepro/html/images/content/ft2.jpg]
[www.webstrot.com/html/moviepro/html/images/content/ft3.jpg]
[www.webstrot.com/html/moviepro/html/images/content/vp7.jpg]
[www.webstrot.com/html/moviepro/html/images/content/vp8.jpg]
[www.webstrot.com/html/moviepro/html/images/content/p1.jpg]
[www.webstrot.com/html/moviepro/html/images/content/p2.jpg]
[www.webstrot.com/html/moviepro/html/images/content/p3.jpg]
[www.webstrot.com/html/moviepro/html/images/content/p4.jpg]
[www.webstrot.com/html/moviepro/html/images/content/p5.jpg]
[www.webstrot.com/html/moviepro/html/images/content/p6.jpg]
[www.webstrot.com/html/moviepro/html/images/content/f1.jpg]
[www.webstrot.com/html/moviepro/html/images/content/f2.jpg]
[www.webstrot.com/html/moviepro/html/js/jquery_min.js]
[www.webstrot.com/html/moviepro/html/js/modernizr.js]
[www.webstrot.com/html/moviepro/html/js/bootstrap.js]
[www.webstrot.com/html/moviepro/html/js/owl.carousel.js]
[www.webstrot.com/html/moviepro/html/js/jquery.dlmenu.js]
[www.webstrot.com/html/moviepro/html/js/jquery.sticky.js]
[www.webstrot.com/html/moviepro/html/js/jquery.nice-select.min.js]
[www.webstrot.com/html/moviepro/html/js/jquery.magnific-popup.js]
[www.webstrot.com/html/moviepro/html/js/jquery.bxslider.min.js]
[www.webstrot.com/html/moviepro/html/js/venobox.min.js]
[www.webstrot.com/html/moviepro/html/js/smothscroll_part1.js]
[www.webstrot.com/html/moviepro/html/js/smothscroll_part2.js]
[www.webstrot.com/html/moviepro/html/js/plugin/rs_slider/jquery.themepunch.revolution.min.js]
[www.webstrot.com/html/moviepro/html/js/plugin/rs_slider/jquery.themepunch.tools.min.js]
[www.webstrot.com/html/moviepro/html/js/plugin/rs_slider/revolution.addon.snow.min.js]
[www.webstrot.com/html/moviepro/html/js/plugin/rs_slider/revolution.extension.actions.min.js]
[www.webstrot.com/html/moviepro/html/js/plugin/rs_slider/revolution.extension.carousel.min.js]
[www.webstrot.com/html/moviepro/html/js/plugin/rs_slider/revolution.extension.kenburn.min.js]
[www.webstrot.com/html/moviepro/html/js/plugin/rs_slider/revolution.extension.layeranimation.min.js]
[www.webstrot.com/html/moviepro/html/js/plugin/rs_slider/revolution.extension.migration.min.js]
[www.webstrot.com/html/moviepro/html/js/plugin/rs_slider/revolution.extension.navigation.min.js]
[www.webstrot.com/html/moviepro/html/js/plugin/rs_slider/revolution.extension.parallax.min.js]
[www.webstrot.com/html/moviepro/html/js/plugin/rs_slider/revolution.extension.slideanims.min.js]
[www.webstrot.com/html/moviepro/html/js/plugin/rs_slider/revolution.extension.video.min.js]
[www.webstrot.com/html/moviepro/html/index.html]
[www.webstrot.com/html/moviepro/html/css/animate.css]
[www.webstrot.com/html/moviepro/html/js/custom.js]
[www.webstrot.com/html/moviepro/html/fonts/glyphicons-halflings-regular.eot]
[www.webstrot.com/html/moviepro/html/fonts/glyphicons-halflings-regulard41d.eot]
[www.webstrot.com/html/moviepro/html/fonts/glyphicons-halflings-regular.woff2]
[www.webstrot.com/html/moviepro/html/fonts/glyphicons-halflings-regular.woff]
[www.webstrot.com/html/moviepro/html/fonts/glyphicons-halflings-regular.ttf]
[www.webstrot.com/html/moviepro/html/css/bootstrap.css]
[www.webstrot.com/html/moviepro/html/fonts/glyphicons-halflings-regular.svg]
[www.webstrot.com/html/moviepro/html/fonts/fontawesome-webfont3e6e.eot]
[www.webstrot.com/html/moviepro/html/fonts/fontawesome-webfontd41d.eot]
[www.webstrot.com/html/moviepro/html/fonts/fontawesome-webfont3e6e.woff2]
[www.webstrot.com/html/moviepro/html/fonts/fontawesome-webfont3e6e.woff]
[www.webstrot.com/html/moviepro/html/fonts/fontawesome-webfont3e6e.ttf]
[www.webstrot.com/html/moviepro/html/css/font-awesome.css]
[www.webstrot.com/html/moviepro/html/css/fonts.css]
[www.webstrot.com/html/moviepro/html/fonts/fontawesome-webfont3e6e.svg]
[www.webstrot.com/html/moviepro/html/fonts/Flaticon.eot]
[www.webstrot.com/html/moviepro/html/fonts/Flaticond41d.eot]
[www.webstrot.com/html/moviepro/html/fonts/Flaticon.woff]
[www.webstrot.com/html/moviepro/html/fonts/Flaticon.ttf]
[www.webstrot.com/html/moviepro/html/css/flaticon.css]
[webstrot.com/html/moviepro/html/css/owl.video.play.7a.delayed]
[www.webstrot.com/html/moviepro/html/css/owl.carousel.css]
[www.webstrot.com/html/moviepro/html/css/owl.theme.default.css]
[www.webstrot.com/html/moviepro/html/css/dl-menu.css]
[www.webstrot.com/html/moviepro/html/css/nice-select.css]
[www.webstrot.com/html/moviepro/html/css/magnific-popup.css]
[www.webstrot.com/html/moviepro/html/css/venobox.css]
[www.webstrot.com/html/moviepro/html/js/plugin/rs_slider/layers.css]
[www.webstrot.com/html/moviepro/html/js/plugin/rs_slider/navigation.css]
[www.webstrot.com/html/moviepro/html/js/plugin/fonts/revicons/revicons90c6.eot]
[www.webstrot.com/html/moviepro/html/js/plugin/fonts/revicons/revicons90c6.woff]
[www.webstrot.com/html/moviepro/html/js/plugin/fonts/revicons/revicons90c6.ttf]
[www.webstrot.com/html/moviepro/html/js/plugin/fonts/revicons/revicons90c6.svg]
[www.webstrot.com/html/moviepro/html/js/plugin/rs_slider/openhand.cur]
[www.webstrot.com/html/moviepro/html/js/plugin/rs_slider/closedhand.cur]
[webstrot.com/html/moviepro/html/js/plugin/assets/gridtile.png]
[webstrot.com/html/moviepro/html/js/plugin/assets/gridtile_white.png]
[webstrot.com/html/moviepro/html/js/plugin/assets/gridtile_3x3.png]
[webstrot.com/html/moviepro/html/js/plugin/assets/gridtile_3x3_white.png]
[webstrot.com/html/moviepro/html/js/plugin/assets/coloredbg.png]
[webstrot.com/html/moviepro/html/js/plugin/assets/loader.gif]
[www.webstrot.com/html/moviepro/html/js/plugin/rs_slider/settings.css]
[www.webstrot.com/html/moviepro/html/images/header/toggle-nav-bg-2.png]
[www.webstrot.com/html/moviepro/html/images/header/main_slider_bg_img.jpg]
[www.webstrot.com/html/moviepro/html/images/content/ws1.jpg]
[www.webstrot.com/html/moviepro/html/images/content/video_bg.jpg]
[www.webstrot.com/html/moviepro/html/images/content/theater_bg.jpg]
[www.webstrot.com/html/moviepro/html/images/content/nl1.jpg]
[www.webstrot.com/html/moviepro/html/images/content/about/banner.jpg]
[www.webstrot.com/html/moviepro/html/images/content/about/counter_bg.jpg]
[www.webstrot.com/html/moviepro/html/images/content/movie_single/vid_bg.jpg]
[www.webstrot.com/html/moviepro/html/images/content/event/event_bg.jpg]
[www.webstrot.com/html/moviepro/html/images/content/event/map_img.jpg]
[www.webstrot.com/html/moviepro/html/images/index_III/main_slider_bg_img.jpg]
[www.webstrot.com/html/moviepro/html/css/style.css]
[www.webstrot.com/html/moviepro/html/css/responsive.css]
[www.webstrot.com/html/moviepro/html/index-2.html]
[www.webstrot.com/html/moviepro/html/css/slick.css]
[www.webstrot.com/html/moviepro/html/css/slick-theme.css]
[www.webstrot.com/html/moviepro/html/css/style2.css]
[www.webstrot.com/html/moviepro/html/css/responsive2.css]
[www.webstrot.com/html/moviepro/html/images/index_II/top-1.jpg]
[www.webstrot.com/html/moviepro/html/images/index_II/top-2.jpg]
[www.webstrot.com/html/moviepro/html/images/index_II/top-3.jpg]
[www.webstrot.com/html/moviepro/html/images/index_II/top-4.jpg]
[www.webstrot.com/html/moviepro/html/images/index_II/top-5.jpg]
[www.webstrot.com/html/moviepro/html/images/index_II/top-6.jpg]
[www.webstrot.com/html/moviepro/html/images/index_II/bot-1.jpg]
[www.webstrot.com/html/moviepro/html/images/index_II/bot-2.jpg]
[www.webstrot.com/html/moviepro/html/images/index_II/bot-3.jpg]
[www.webstrot.com/html/moviepro/html/images/index_II/bot-4.jpg]
[www.webstrot.com/html/moviepro/html/images/index_II/bot-5.jpg]
[www.webstrot.com/html/moviepro/html/images/index_II/bot-6.jpg]
[www.webstrot.com/html/moviepro/html/images/index_II/vp7.jpg]
[www.webstrot.com/html/moviepro/html/js/slick.js]
[www.webstrot.com/html/moviepro/html/index2.html]
[www.webstrot.com/html/moviepro/html/js/custom2.js]
[www.webstrot.com/html/moviepro/html/css/style3.css]
[www.webstrot.com/html/moviepro/html/css/responsive3.css]
[www.webstrot.com/html/moviepro/html/images/index_iv/s1.jpg]
[www.webstrot.com/html/moviepro/html/images/index_iv/s2.jpg]
[www.webstrot.com/html/moviepro/html/images/index_iv/s3.jpg]
[www.webstrot.com/html/moviepro/html/index3.html]
[www.webstrot.com/html/moviepro/html/js/custom3.js]
[www.webstrot.com/html/moviepro/html/css/style4.css]
[www.webstrot.com/html/moviepro/html/css/responsive4.css]
[www.webstrot.com/html/moviepro/html/images/index_III/icon.png]
[www.webstrot.com/html/moviepro/html/images/index_III/01.jpg]
[www.webstrot.com/html/moviepro/html/images/index_III/02.jpg]
[www.webstrot.com/html/moviepro/html/images/index_III/03.jpg]
[www.webstrot.com/html/moviepro/html/images/index_III/add.png]
[www.webstrot.com/html/moviepro/html/index4.html]
[www.webstrot.com/html/moviepro/html/js/custom4.js]
[www.webstrot.com/html/moviepro/html/images/content/blog_category/b1.jpg]
[www.webstrot.com/html/moviepro/html/images/content/blog_category/b2.jpg]
[www.webstrot.com/html/moviepro/html/images/content/blog_category/b3.jpg]
[www.webstrot.com/html/moviepro/html/images/content/blog_category/side_img1.jpg]
[www.webstrot.com/html/moviepro/html/images/content/blog_category/n1.jpg]
[www.webstrot.com/html/moviepro/html/images/content/blog_category/n2.jpg]
[www.webstrot.com/html/moviepro/html/images/content/blog_category/n3.jpg]
[www.webstrot.com/html/moviepro/html/js/jquery.countTo.js]
[www.webstrot.com/html/moviepro/html/js/jquery.inview.min.js]
[www.webstrot.com/html/moviepro/html/blog_category.html]
[www.webstrot.com/html/moviepro/html/js/jquery.shuffle.min.js]
[www.webstrot.com/html/moviepro/html/images/content/blog_category/bs1.jpg]
[www.webstrot.com/html/moviepro/html/images/content/blog_category/bs2.jpg]
[www.webstrot.com/html/moviepro/html/images/content/blog_category/bs3.jpg]
[www.webstrot.com/html/moviepro/html/images/content/blog_category/bs4.jpg]
[www.webstrot.com/html/moviepro/html/images/content/blog_category/bs5.jpg]
[www.webstrot.com/html/moviepro/html/images/content/blog_category/comm_img1.jpg]
[www.webstrot.com/html/moviepro/html/images/content/blog_category/comm_img2.jpg]
[www.webstrot.com/html/moviepro/html/images/content/blog_category/comm_img3.jpg]
[www.webstrot.com/html/moviepro/html/blog_single.html]
[www.webstrot.com/html/moviepro/html/images/content/event/e1.jpg]
[www.webstrot.com/html/moviepro/html/images/content/event/e2.jpg]
[www.webstrot.com/html/moviepro/html/images/content/event/e3.jpg]
[www.webstrot.com/html/moviepro/html/images/content/event/e4.jpg]
[www.webstrot.com/html/moviepro/html/event_category.html]
[www.webstrot.com/html/moviepro/html/images/content/event/slider_img.jpg]
[www.webstrot.com/html/moviepro/html/images/content/event/es1.jpg]
[www.webstrot.com/html/moviepro/html/images/content/about/tm5.jpg]
[www.webstrot.com/html/moviepro/html/images/content/about/tm2.jpg]
[www.webstrot.com/html/moviepro/html/images/content/about/tm3.jpg]
[www.webstrot.com/html/moviepro/html/images/content/about/tm4.jpg]
[www.webstrot.com/html/moviepro/html/event_single.html]
[www.webstrot.com/html/moviepro/html/images/content/movie_category/slider_img1.jpg]
[www.webstrot.com/html/moviepro/html/images/content/movie_category/slider_img2.jpg]
[www.webstrot.com/html/moviepro/html/images/content/movie_category/slider_img3.jpg]
[www.webstrot.com/html/moviepro/html/images/content/movie_category/event_img.jpg]
[www.webstrot.com/html/moviepro/html/images/content/movie_category/up1.jpg]
[www.webstrot.com/html/moviepro/html/images/content/movie_category/up2.jpg]
[www.webstrot.com/html/moviepro/html/images/content/movie_category/up3.jpg]
[www.webstrot.com/html/moviepro/html/images/content/movie_category/up4.jpg]
[www.webstrot.com/html/moviepro/html/images/content/movie_category/up5.jpg]
[www.webstrot.com/html/moviepro/html/images/content/movie_category/up6.jpg]
[www.webstrot.com/html/moviepro/html/images/content/movie_category/up8.jpg]
[www.webstrot.com/html/moviepro/html/images/content/movie_category/up7.jpg]
[www.webstrot.com/html/moviepro/html/movie_category.html]
[www.webstrot.com/html/moviepro/html/images/content/movie_single/vid_slider_img.jpg]
[www.webstrot.com/html/moviepro/html/images/content/movie_single/movie_title.png]
[www.webstrot.com/html/moviepro/html/images/content/movie_single/c1.jpg]
[www.webstrot.com/html/moviepro/html/images/content/movie_single/c2.jpg]
[www.webstrot.com/html/moviepro/html/images/content/movie_single/c3.jpg]
[www.webstrot.com/html/moviepro/html/images/content/movie_single/c4.jpg]
[www.webstrot.com/html/moviepro/html/images/content/movie_single/c5.jpg]
[www.webstrot.com/html/moviepro/html/images/content/movie_single/c6.jpg]
[www.webstrot.com/html/moviepro/html/images/content/movie_single/v1.jpg]
[www.webstrot.com/html/moviepro/html/images/content/movie_single/sc1.jpg]
[www.webstrot.com/html/moviepro/html/images/content/movie_single/sc4.jpg]
[www.webstrot.com/html/moviepro/html/images/content/movie_single/sc2.jpg]
[www.webstrot.com/html/moviepro/html/images/content/movie_single/sc5.jpg]
[www.webstrot.com/html/moviepro/html/images/content/movie_single/sc3.jpg]
[www.webstrot.com/html/moviepro/html/images/content/movie_single/sc6.jpg]
[www.webstrot.com/html/moviepro/html/movie_single.html]
[www.webstrot.com/html/moviepro/html/images/content/md1.png]
[www.webstrot.com/html/moviepro/html/images/content/md2.png]
[www.webstrot.com/html/moviepro/html/images/content/md3.png]
[www.webstrot.com/html/moviepro/html/images/content/c1.jpg]
[www.webstrot.com/html/moviepro/html/images/content/c2.jpg]
[www.webstrot.com/html/moviepro/html/images/content/c3.jpg]
[www.webstrot.com/html/moviepro/html/images/content/c4.jpg]
[www.webstrot.com/html/moviepro/html/images/content/c5.jpg]
[www.webstrot.com/html/moviepro/html/images/content/c6.jpg]
[www.webstrot.com/html/moviepro/html/images/content/c7.jpg]
[www.webstrot.com/html/moviepro/html/images/content/c8.jpg]
[www.webstrot.com/html/moviepro/html/movie_single_second.html]
[www.webstrot.com/html/moviepro/html/images/content/gallery/g1.jpg]
[www.webstrot.com/html/moviepro/html/images/content/gallery/g2.jpg]
[www.webstrot.com/html/moviepro/html/images/content/gallery/g3.jpg]
[www.webstrot.com/html/moviepro/html/images/content/gallery/g4.jpg]
[www.webstrot.com/html/moviepro/html/images/content/gallery/g5.jpg]
[www.webstrot.com/html/moviepro/html/images/content/gallery/g6.jpg]
[www.webstrot.com/html/moviepro/html/images/content/gallery/g7.jpg]
[www.webstrot.com/html/moviepro/html/images/content/gallery/g8.jpg]
[www.webstrot.com/html/moviepro/html/images/content/gallery/g9.jpg]
[www.webstrot.com/html/moviepro/html/gallery.html]
[www.webstrot.com/html/moviepro/html/css/seat.css]
[www.webstrot.com/html/moviepro/html/images/content/cc1.jpg]
[www.webstrot.com/html/moviepro/html/booking_type.html]
[www.webstrot.com/html/moviepro/html/images/content/tcc1.png]
[www.webstrot.com/html/moviepro/html/images/content/pur2.png]
[www.webstrot.com/html/moviepro/html/images/content/qr.png]
[www.webstrot.com/html/moviepro/html/confirmation_screen.html]
[www.webstrot.com/html/moviepro/html/images/content/fast-food.png]
[www.webstrot.com/html/moviepro/html/images/content/bill.png]
[www.webstrot.com/html/moviepro/html/images/content/ticket.png]
[www.webstrot.com/html/moviepro/html/movie_booking.html]
[www.webstrot.com/html/moviepro/html/images/content/screen.png]
[www.webstrot.com/html/moviepro/html/seat_booking.html]
[www.webstrot.com/html/moviepro/html/contact.html]
[www.webstrot.com/html/moviepro/html/js/contact_form.js]
[www.webstrot.com/html/moviepro/html/images/content/about/ap1.jpg]
[www.webstrot.com/html/moviepro/html/images/content/about/ap2.jpg]
[www.webstrot.com/html/moviepro/html/images/content/about/tm1.jpg]
[www.webstrot.com/html/moviepro/html/images/content/about/tm6.jpg]
[www.webstrot.com/html/moviepro/html/images/content/about/tm7.jpg]
[www.webstrot.com/html/moviepro/html/about.html]
[www.webstrot.com/html/moviepro/html/js/jquery_min.js]
[www.webstrot.com/html/moviepro/html/js/modernizr.js]
[webstrot.com/html/moviepro/html/Popover requires tooltip.135.delayed]
[www.webstrot.com/html/moviepro/html/js/bootstrap.js]
[www.webstrot.com/html/moviepro/html/js/owl.carousel.js]
[www.webstrot.com/html/moviepro/html/js/jquery.dlmenu.js]
[www.webstrot.com/html/moviepro/html/js/jquery.sticky.js]
[www.webstrot.com/html/moviepro/html/js/jquery.nice-select.min.js]
[www.webstrot.com/html/moviepro/html/js/jquery.magnific-popup.js]
[www.webstrot.com/html/moviepro/html/js/jquery.bxslider.min.js]
[www.webstrot.com/html/moviepro/html/js/venobox.min.js]
[www.webstrot.com/html/moviepro/html/js/smothscroll_part1.js]
[www.webstrot.com/html/moviepro/html/js/smothscroll_part2.js]
[webstrot.com/html/moviepro/html/themepunch.revolution.min.js]
[webstrot.com/html/moviepro/html/jquery.themepunch.revolution.min.js]
[webstrot.com/html/moviepro/html/jquery.themepunch.revolution.js]
[webstrot.com/html/moviepro/html/images/transparent.png]
[webstrot.com/html/moviepro/html/assets/transparent.png]
[www.webstrot.com/html/moviepro/html/js/plugin/rs_slider/jquery.themepunch.revolution.min.js]
[webstrot.com/html/moviepro/html/TweenLite.js]
[webstrot.com/html/moviepro/TweenLite.js]
[www.webstrot.com/html/moviepro/html/js/plugin/rs_slider/jquery.themepunch.tools.min.js]
[www.webstrot.com/html/moviepro/html/js/plugin/rs_slider/revolution.addon.snow.min.js]
[www.webstrot.com/html/moviepro/html/js/plugin/rs_slider/revolution.extension.actions.min.js]
[www.webstrot.com/html/moviepro/html/js/plugin/rs_slider/revolution.extension.carousel.min.js]
[www.webstrot.com/html/moviepro/html/js/plugin/rs_slider/revolution.extension.kenburn.min.js]
[www.webstrot.com/html/moviepro/html/js/plugin/rs_slider/revolution.extension.layeranimation.min.js]
[www.webstrot.com/html/moviepro/html/js/plugin/rs_slider/revolution.extension.migration.min.js]
[www.webstrot.com/html/moviepro/html/js/plugin/rs_slider/revolution.extension.navigation.min.js]
[www.webstrot.com/html/moviepro/html/js/plugin/rs_slider/revolution.extension.parallax.min.js]
[www.webstrot.com/html/moviepro/html/js/plugin/rs_slider/revolution.extension.slideanims.min.js]
[www.webstrot.com/html/moviepro/html/js/plugin/rs_slider/revolution.extension.video.min.js]
[www.webstrot.com/html/moviepro/html/js/custom.js]
[www.webstrot.com/html/moviepro/html/fonts/glyphicons-halflings-regular.svg]
[www.webstrot.com/html/moviepro/html/fonts/fontawesome-webfont3e6e.svg]
[webstrot.com/html/moviepro/html/css/owl.video.play.html]
[www.webstrot.com/html/moviepro/html/js/plugin/fonts/revicons/revicons90c6.svg]
[webstrot.com/html/moviepro/html/js/plugin/assets/gridtile.html]
[webstrot.com/html/moviepro/html/js/plugin/assets/gridtile_white.html]
[webstrot.com/html/moviepro/html/js/plugin/assets/gridtile_3x3.html]
[webstrot.com/html/moviepro/html/js/plugin/assets/gridtile_3x3_white.html]
[webstrot.com/html/moviepro/html/js/plugin/assets/coloredbg.html]
[webstrot.com/html/moviepro/html/js/plugin/assets/loader.html]
[www.webstrot.com/html/moviepro/html/css/slick.css]
[www.webstrot.com/html/moviepro/html/css/slick-theme.css]
[www.webstrot.com/html/moviepro/html/images/index_II/upcoming_heading.jpg]
[www.webstrot.com/html/moviepro/html/css/style2.css]
[www.webstrot.com/html/moviepro/html/css/responsive2.css]
[www.webstrot.com/html/moviepro/html/js/slick.js]
[www.webstrot.com/html/moviepro/html/js/custom2.js]
[www.webstrot.com/html/moviepro/html/css/style3.css]
[www.webstrot.com/html/moviepro/html/css/responsive3.css]
[www.webstrot.com/html/moviepro/html/js/custom3.js]
[www.webstrot.com/html/moviepro/html/css/style4.css]
[www.webstrot.com/html/moviepro/html/css/responsive4.css]
[www.webstrot.com/html/moviepro/html/js/custom4.js]
[www.webstrot.com/html/moviepro/html/js/jquery.countTo.js]
[www.webstrot.com/html/moviepro/html/js/jquery.inview.min.js]
[www.webstrot.com/html/moviepro/html/js/jquery.shuffle.min.js]
[www.webstrot.com/html/moviepro/html/css/seat.css]
[www.webstrot.com/html/moviepro/html/js/contact_form.js]
[webstrot.com/html/moviepro/html/Popover requires tooltip.html]
[www.webstrot.com/html/moviepro/html/Version/index.html]
[webstrot.com/html/moviepro/html/themepunch.revolution.min.html]
[webstrot.com/html/moviepro/html/jquery.themepunch.revolution.min.html]
[webstrot.com/html/moviepro/html/jquery.themepunch.revolution.html]
[webstrot.com/html/moviepro/html/images/transparent.html]
[webstrot.com/html/moviepro/html/assets/transparent.html]
[webstrot.com/html/moviepro/html/TweenLite.html]
[webstrot.com/html/moviepro/TweenLite.html]
[secure-a.vimeocdn.com/js/froogaloop2.min.html]
